I'm sorry, but errors were detected in your script. Please correct the
errors listed below, and try again.


File "game/extremis/coteries/transhumanistes/evts_UnivTranshumanistes.rpy", line 106: Line is indented, but the preceding one-line python statement statement does not expect a block. Please check this line's indentation.
    if resProba < 0.5:
    ^

Ren'Py Version: Ren'Py 7.3.5.606
Sun Jan 31 20:52:38 2021
